
> temp-app@0.1.0 test
> vitest run __tests__/unit/services/budget.service.test.ts


[1m[46m RUN [49m[22m [36mv4.1.0 [39m[90mE:/Downloads/finance-tracker[39m

 [32mÔ£ô[39m __tests__/unit/services/budget.service.test.ts [2m([22m[2m8 tests[22m[2m)[22m[32m 7[2mms[22m[39m

[2m Test Files [22m [1m[32m1 passed[39m[22m[90m (1)[39m
[2m      Tests [22m [1m[32m8 passed[39m[22m[90m (8)[39m
[2m   Start at [22m 09:17:25
[2m   Duration [22m 1.42s[2m (transform 59ms, setup 156ms, import 36ms, tests 7ms, environment 1.01s)[22m

